// Jest Snapshot v1, https://goo.gl/fbAQLP

exports[`<Projects> matches snapshot with: Large width: ProjectsLargeView.test.js.snap 1`] = `
"<div className=\\"projects-container\\">
  <HeaderBanner title=\\"Projects\\" mainText={{...}} subText={{...}} bgColorScheme={{...}} iconColorScheme={{...}} />
  <ProjectsContent main_projects={{...}} carousels={{...}} other_projects={{...}} />
  <Footer />
</div>"
`;

exports[`<Projects> matches snapshot with: Small width: ProjectsSmallView.test.js.snap 1`] = `
"<div className=\\"projects-container\\">
  <HeaderBanner title=\\"Projects\\" mainText={{...}} subText={{...}} bgColorScheme={{...}} iconColorScheme={{...}} />
  <ProjectsContent main_projects={{...}} carousels={{...}} other_projects={{...}} />
  <Footer />
</div>"
`;
