// Jest Snapshot v1, https://goo.gl/fbAQLP

exports[`<ProjectsHeader> matches snapshot: ProjectsHeaderView.test.js.snap 1`] = `
<div
  className="projects-header"
>
  <div
    className="container-legend"
  >
    <h2
      className="title-text-banner"
    >
      Projects
    </h2>
    <div
      className="main-text-projects"
    >
      <p>
        Every year we challenge ourselves to keep learning and improving.
         
        <br />
        See what we've been up to!
      </p>
    </div>
  </div>
  <div
    className="projects-header-footer"
  >
    <p>
      Learn more
    </p>
    <svg
      aria-hidden="true"
      className="svg-inline--fa fa-angle-down fa-w-10 icon-btn"
      data-icon="angle-down"
      data-prefix="fas"
      focusable="false"
      onClick={[Function]}
      role="img"
      style={Object {}}
      viewBox="0 0 320 512"
      xmlns="http://www.w3.org/2000/svg"
    >
      <path
        d="M143 352.3L7 216.3c-9.4-9.4-9.4-24.6 0-33.9l22.6-22.6c9.4-9.4 24.6-9.4 33.9 0l96.4 96.4 96.4-96.4c9.4-9.4 24.6-9.4 33.9 0l22.6 22.6c9.4 9.4 9.4 24.6 0 33.9l-136 136c-9.2 9.4-24.4 9.4-33.8 0z"
        fill="currentColor"
        style={Object {}}
      />
    </svg>
  </div>
</div>
`;
