// Jest Snapshot v1, https://goo.gl/fbAQLP

exports[`Matches snapshot 1`] = `
<div
  className="members-header"
  data-testid="members-header"
>
  <div
    className="container-legend"
  >
    <h2
      className="title-text-banner"
      data-testid="members-header-title"
    >
      Members
    </h2>
    <div
      className="main-text-members"
      data-testid="members-header-text"
    >
      <p>
        RoBorregoâ€™s community is made by students with different skills in robotics, logistics and networking, all joined with a passion for exploring new technologies and sharing their knowledge with everybody.
      </p>
    </div>
  </div>
  <div
    className="members-header-footer"
  >
    <p>
      Scroll down and meet the us!
    </p>
    <svg
      aria-hidden="true"
      className="svg-inline--fa fa-angle-down fa-w-10 icon-btn"
      data-icon="angle-down"
      data-prefix="fas"
      focusable="false"
      onClick={[Function]}
      role="img"
      style={Object {}}
      viewBox="0 0 320 512"
      xmlns="http://www.w3.org/2000/svg"
    >
      <path
        d="M143 352.3L7 216.3c-9.4-9.4-9.4-24.6 0-33.9l22.6-22.6c9.4-9.4 24.6-9.4 33.9 0l96.4 96.4 96.4-96.4c9.4-9.4 24.6-9.4 33.9 0l22.6 22.6c9.4 9.4 9.4 24.6 0 33.9l-136 136c-9.2 9.4-24.4 9.4-33.8 0z"
        fill="currentColor"
        style={Object {}}
      />
    </svg>
  </div>
</div>
`;
